Analysis & Elaboration report for processor_1_top
Mon Jun 21 20:51:34 2021
Quartus Prime Version 18.1.0 Build 625 09/12/2018 SJ Lite Edition


---------------------
; Table of Contents ;
---------------------
  1. Legal Notice
  2. Analysis & Elaboration Summary
  3. Parallel Compilation
  4. Parameter Settings for User Entity Instance: register:ar
  5. Parameter Settings for User Entity Instance: register_inc:pc
  6. Parameter Settings for User Entity Instance: register:dr
  7. Parameter Settings for User Entity Instance: register:ir
  8. Parameter Settings for User Entity Instance: register:r
  9. Parameter Settings for User Entity Instance: register_inc:tr
 10. Parameter Settings for User Entity Instance: register_inc:ac
 11. Parameter Settings for User Entity Instance: control_unit:cu
 12. Analysis & Elaboration Settings
 13. Port Connectivity Checks: "control_unit:cu"
 14. Port Connectivity Checks: "bus:bus"
 15. Port Connectivity Checks: "alu:alu1"
 16. Port Connectivity Checks: "register_inc:tr"
 17. Port Connectivity Checks: "register:r"
 18. Port Connectivity Checks: "register:ir"
 19. Port Connectivity Checks: "register:dr"
 20. Analysis & Elaboration Messages



----------------
; Legal Notice ;
----------------
Copyright (C) 2018  Intel Corporation. All rights reserved.
Your use of Intel Corporation's design tools, logic functions 
and other software and tools, and its AMPP partner logic 
functions, and any output files from any of the foregoing 
(including device programming or simulation files), and any 
associated documentation or information are expressly subject 
to the terms and conditions of the Intel Program License 
Subscription Agreement, the Intel Quartus Prime License Agreement,
the Intel FPGA IP License Agreement, or other applicable license
agreement, including, without limitation, that your use is for
the sole purpose of programming logic devices manufactured by
Intel and sold by Intel or its authorized distributors.  Please
refer to the applicable agreement for further details.



+----------------------------------------------------------------------------------+
; Analysis & Elaboration Summary                                                   ;
+------------------------------------+---------------------------------------------+
; Analysis & Elaboration Status      ; Successful - Mon Jun 21 20:51:34 2021       ;
; Quartus Prime Version              ; 18.1.0 Build 625 09/12/2018 SJ Lite Edition ;
; Revision Name                      ; processor_1_top                             ;
; Top-level Entity Name              ; processor                                   ;
; Family                             ; Cyclone IV E                                ;
; Total logic elements               ; N/A until Partition Merge                   ;
;     Total combinational functions  ; N/A until Partition Merge                   ;
;     Dedicated logic registers      ; N/A until Partition Merge                   ;
; Total registers                    ; N/A until Partition Merge                   ;
; Total pins                         ; N/A until Partition Merge                   ;
; Total virtual pins                 ; N/A until Partition Merge                   ;
; Total memory bits                  ; N/A until Partition Merge                   ;
; Embedded Multiplier 9-bit elements ; N/A until Partition Merge                   ;
; Total PLLs                         ; N/A until Partition Merge                   ;
+------------------------------------+---------------------------------------------+


+------------------------------------------+
; Parallel Compilation                     ;
+----------------------------+-------------+
; Processors                 ; Number      ;
+----------------------------+-------------+
; Number detected on machine ; 2           ;
; Maximum allowed            ; 2           ;
;                            ;             ;
; Average used               ; 1.00        ;
; Maximum used               ; 1           ;
;                            ;             ;
; Usage by Processor         ; % Time Used ;
;     Processor 1            ; 100.0%      ;
+----------------------------+-------------+


+----------------------------------------------------------+
; Parameter Settings for User Entity Instance: register:ar ;
+----------------+-------+---------------------------------+
; Parameter Name ; Value ; Type                            ;
+----------------+-------+---------------------------------+
; data_width     ; 16    ; Signed Integer                  ;
+----------------+-------+---------------------------------+
Note: In order to hide this table in the UI and the text report file, please set the "Show Parameter Settings in Synthesis Report" option in "Analysis and Synthesis Settings -> More Settings" to "Off".


+--------------------------------------------------------------+
; Parameter Settings for User Entity Instance: register_inc:pc ;
+----------------+-------+-------------------------------------+
; Parameter Name ; Value ; Type                                ;
+----------------+-------+-------------------------------------+
; data_width     ; 16    ; Signed Integer                      ;
+----------------+-------+-------------------------------------+
Note: In order to hide this table in the UI and the text report file, please set the "Show Parameter Settings in Synthesis Report" option in "Analysis and Synthesis Settings -> More Settings" to "Off".


+----------------------------------------------------------+
; Parameter Settings for User Entity Instance: register:dr ;
+----------------+-------+---------------------------------+
; Parameter Name ; Value ; Type                            ;
+----------------+-------+---------------------------------+
; data_width     ; 8     ; Signed Integer                  ;
+----------------+-------+---------------------------------+
Note: In order to hide this table in the UI and the text report file, please set the "Show Parameter Settings in Synthesis Report" option in "Analysis and Synthesis Settings -> More Settings" to "Off".


+----------------------------------------------------------+
; Parameter Settings for User Entity Instance: register:ir ;
+----------------+-------+---------------------------------+
; Parameter Name ; Value ; Type                            ;
+----------------+-------+---------------------------------+
; data_width     ; 8     ; Signed Integer                  ;
+----------------+-------+---------------------------------+
Note: In order to hide this table in the UI and the text report file, please set the "Show Parameter Settings in Synthesis Report" option in "Analysis and Synthesis Settings -> More Settings" to "Off".


+---------------------------------------------------------+
; Parameter Settings for User Entity Instance: register:r ;
+----------------+-------+--------------------------------+
; Parameter Name ; Value ; Type                           ;
+----------------+-------+--------------------------------+
; data_width     ; 8     ; Signed Integer                 ;
+----------------+-------+--------------------------------+
Note: In order to hide this table in the UI and the text report file, please set the "Show Parameter Settings in Synthesis Report" option in "Analysis and Synthesis Settings -> More Settings" to "Off".


+--------------------------------------------------------------+
; Parameter Settings for User Entity Instance: register_inc:tr ;
+----------------+-------+-------------------------------------+
; Parameter Name ; Value ; Type                                ;
+----------------+-------+-------------------------------------+
; data_width     ; 16    ; Signed Integer                      ;
+----------------+-------+-------------------------------------+
Note: In order to hide this table in the UI and the text report file, please set the "Show Parameter Settings in Synthesis Report" option in "Analysis and Synthesis Settings -> More Settings" to "Off".


+--------------------------------------------------------------+
; Parameter Settings for User Entity Instance: register_inc:ac ;
+----------------+-------+-------------------------------------+
; Parameter Name ; Value ; Type                                ;
+----------------+-------+-------------------------------------+
; data_width     ; 16    ; Signed Integer                      ;
+----------------+-------+-------------------------------------+
Note: In order to hide this table in the UI and the text report file, please set the "Show Parameter Settings in Synthesis Report" option in "Analysis and Synthesis Settings -> More Settings" to "Off".


+--------------------------------------------------------------+
; Parameter Settings for User Entity Instance: control_unit:cu ;
+----------------+-------+-------------------------------------+
; Parameter Name ; Value ; Type                                ;
+----------------+-------+-------------------------------------+
; FETCH1         ; 000   ; Unsigned Binary                     ;
; FETCH2         ; 001   ; Unsigned Binary                     ;
; FETCH3         ; 010   ; Unsigned Binary                     ;
; EXEC1          ; 011   ; Unsigned Binary                     ;
; EXEC2          ; 100   ; Unsigned Binary                     ;
; EXEC3          ; 101   ; Unsigned Binary                     ;
; EXEC4          ; 110   ; Unsigned Binary                     ;
; IDLE           ; 111   ; Unsigned Binary                     ;
+----------------+-------+-------------------------------------+
Note: In order to hide this table in the UI and the text report file, please set the "Show Parameter Settings in Synthesis Report" option in "Analysis and Synthesis Settings -> More Settings" to "Off".


+------------------------------------------------------------------------------------------------------------+
; Analysis & Elaboration Settings                                                                            ;
+------------------------------------------------------------------+--------------------+--------------------+
; Option                                                           ; Setting            ; Default Value      ;
+------------------------------------------------------------------+--------------------+--------------------+
; Top-level entity name                                            ; processor          ; processor_1_top    ;
; Family name                                                      ; Cyclone IV E       ; Cyclone V          ;
; Use smart compilation                                            ; Off                ; Off                ;
; Enable parallel Assembler and Timing Analyzer during compilation ; On                 ; On                 ;
; Enable compact report table                                      ; Off                ; Off                ;
; Restructure Multiplexers                                         ; Auto               ; Auto               ;
; Create Debugging Nodes for IP Cores                              ; Off                ; Off                ;
; Preserve fewer node names                                        ; On                 ; On                 ;
; Intel FPGA IP Evaluation Mode                                    ; Enable             ; Enable             ;
; Verilog Version                                                  ; Verilog_2001       ; Verilog_2001       ;
; VHDL Version                                                     ; VHDL_1993          ; VHDL_1993          ;
; State Machine Processing                                         ; Auto               ; Auto               ;
; Safe State Machine                                               ; Off                ; Off                ;
; Extract Verilog State Machines                                   ; On                 ; On                 ;
; Extract VHDL State Machines                                      ; On                 ; On                 ;
; Ignore Verilog initial constructs                                ; Off                ; Off                ;
; Iteration limit for constant Verilog loops                       ; 5000               ; 5000               ;
; Iteration limit for non-constant Verilog loops                   ; 250                ; 250                ;
; Add Pass-Through Logic to Inferred RAMs                          ; On                 ; On                 ;
; Infer RAMs from Raw Logic                                        ; On                 ; On                 ;
; Parallel Synthesis                                               ; On                 ; On                 ;
; DSP Block Balancing                                              ; Auto               ; Auto               ;
; NOT Gate Push-Back                                               ; On                 ; On                 ;
; Power-Up Don't Care                                              ; On                 ; On                 ;
; Remove Redundant Logic Cells                                     ; Off                ; Off                ;
; Remove Duplicate Registers                                       ; On                 ; On                 ;
; Ignore CARRY Buffers                                             ; Off                ; Off                ;
; Ignore CASCADE Buffers                                           ; Off                ; Off                ;
; Ignore GLOBAL Buffers                                            ; Off                ; Off                ;
; Ignore ROW GLOBAL Buffers                                        ; Off                ; Off                ;
; Ignore LCELL Buffers                                             ; Off                ; Off                ;
; Ignore SOFT Buffers                                              ; On                 ; On                 ;
; Limit AHDL Integers to 32 Bits                                   ; Off                ; Off                ;
; Optimization Technique                                           ; Balanced           ; Balanced           ;
; Carry Chain Length                                               ; 70                 ; 70                 ;
; Auto Carry Chains                                                ; On                 ; On                 ;
; Auto Open-Drain Pins                                             ; On                 ; On                 ;
; Perform WYSIWYG Primitive Resynthesis                            ; Off                ; Off                ;
; Auto ROM Replacement                                             ; On                 ; On                 ;
; Auto RAM Replacement                                             ; On                 ; On                 ;
; Auto DSP Block Replacement                                       ; On                 ; On                 ;
; Auto Shift Register Replacement                                  ; Auto               ; Auto               ;
; Allow Shift Register Merging across Hierarchies                  ; Auto               ; Auto               ;
; Auto Clock Enable Replacement                                    ; On                 ; On                 ;
; Strict RAM Replacement                                           ; Off                ; Off                ;
; Allow Synchronous Control Signals                                ; On                 ; On                 ;
; Force Use of Synchronous Clear Signals                           ; Off                ; Off                ;
; Auto RAM Block Balancing                                         ; On                 ; On                 ;
; Auto RAM to Logic Cell Conversion                                ; Off                ; Off                ;
; Auto Resource Sharing                                            ; Off                ; Off                ;
; Allow Any RAM Size For Recognition                               ; Off                ; Off                ;
; Allow Any ROM Size For Recognition                               ; Off                ; Off                ;
; Allow Any Shift Register Size For Recognition                    ; Off                ; Off                ;
; Use LogicLock Constraints during Resource Balancing              ; On                 ; On                 ;
; Ignore translate_off and synthesis_off directives                ; Off                ; Off                ;
; Timing-Driven Synthesis                                          ; On                 ; On                 ;
; Report Parameter Settings                                        ; On                 ; On                 ;
; Report Source Assignments                                        ; On                 ; On                 ;
; Report Connectivity Checks                                       ; On                 ; On                 ;
; Ignore Maximum Fan-Out Assignments                               ; Off                ; Off                ;
; Synchronization Register Chain Length                            ; 2                  ; 2                  ;
; Power Optimization During Synthesis                              ; Normal compilation ; Normal compilation ;
; HDL message level                                                ; Level2             ; Level2             ;
; Suppress Register Optimization Related Messages                  ; Off                ; Off                ;
; Number of Removed Registers Reported in Synthesis Report         ; 5000               ; 5000               ;
; Number of Swept Nodes Reported in Synthesis Report               ; 5000               ; 5000               ;
; Number of Inverted Registers Reported in Synthesis Report        ; 100                ; 100                ;
; Clock MUX Protection                                             ; On                 ; On                 ;
; Auto Gated Clock Conversion                                      ; Off                ; Off                ;
; Block Design Naming                                              ; Auto               ; Auto               ;
; SDC constraint protection                                        ; Off                ; Off                ;
; Synthesis Effort                                                 ; Auto               ; Auto               ;
; Shift Register Replacement - Allow Asynchronous Clear Signal     ; On                 ; On                 ;
; Pre-Mapping Resynthesis Optimization                             ; Off                ; Off                ;
; Analysis & Synthesis Message Level                               ; Medium             ; Medium             ;
; Disable Register Merging Across Hierarchies                      ; Auto               ; Auto               ;
; Resource Aware Inference For Block RAM                           ; On                 ; On                 ;
+------------------------------------------------------------------+--------------------+--------------------+


+--------------------------------------------------------------------------------------------------------------------------------------------------------------+
; Port Connectivity Checks: "control_unit:cu"                                                                                                                  ;
+----------+--------+----------+-------------------------------------------------------------------------------------------------------------------------------+
; Port     ; Type   ; Severity ; Details                                                                                                                       ;
+----------+--------+----------+-------------------------------------------------------------------------------------------------------------------------------+
; write_en ; Output ; Warning  ; Output or bidir port (13 bits) is wider than the port expression (8 bits) it drives; bit(s) "write_en[12..8]" have no fanouts ;
; bus_ld   ; Output ; Warning  ; Output or bidir port (4 bits) is wider than the port expression (3 bits) it drives; bit(s) "bus_ld[3..3]" have no fanouts     ;
; alu_mode ; Output ; Warning  ; Output or bidir port (4 bits) is wider than the port expression (3 bits) it drives; bit(s) "alu_mode[3..3]" have no fanouts   ;
; end_op   ; Output ; Warning  ; Declared by entity but not connected by instance. Logic that only feeds a dangling port will be removed.                      ;
+----------+--------+----------+-------------------------------------------------------------------------------------------------------------------------------+


+-------------------------------------------------------------------------------------------------------------------------------------------------------------------------------------------------------------+
; Port Connectivity Checks: "bus:bus"                                                                                                                                                                         ;
+------+-------+----------+-----------------------------------------------------------------------------------------------------------------------------------------------------------------------------------+
; Port ; Type  ; Severity ; Details                                                                                                                                                                           ;
+------+-------+----------+-----------------------------------------------------------------------------------------------------------------------------------------------------------------------------------+
; pc   ; Input ; Warning  ; Input port expression (16 bits) is wider than the input port (8 bits) it drives.  The 8 most-significant bit(s) in the expression will be dangling if they have no other fanouts. ;
; dr   ; Input ; Warning  ; Input port expression (16 bits) is wider than the input port (8 bits) it drives.  The 8 most-significant bit(s) in the expression will be dangling if they have no other fanouts. ;
+------+-------+----------+-----------------------------------------------------------------------------------------------------------------------------------------------------------------------------------+


+--------------------------------------------------------------------------------------------------------------------------------------------------------------------------+
; Port Connectivity Checks: "alu:alu1"                                                                                                                                     ;
+-------+--------+----------+----------------------------------------------------------------------------------------------------------------------------------------------+
; Port  ; Type   ; Severity ; Details                                                                                                                                      ;
+-------+--------+----------+----------------------------------------------------------------------------------------------------------------------------------------------+
; z     ; Output ; Warning  ; Output or bidir port (2 bits) is wider than the port expression (1 bits) it drives; bit(s) "z[1..1]" have no fanouts                         ;
; clock ; Input  ; Warning  ; Declared by entity but not connected by instance. If a default value exists, it will be used.  Otherwise, the port will be connected to GND. ;
+-------+--------+----------+----------------------------------------------------------------------------------------------------------------------------------------------+


+-----------------------------------------------------------------------------------------------------------------------------------------------------------------------------------------------------------------+
; Port Connectivity Checks: "register_inc:tr"                                                                                                                                                                     ;
+---------+-------+----------+------------------------------------------------------------------------------------------------------------------------------------------------------------------------------------+
; Port    ; Type  ; Severity ; Details                                                                                                                                                                            ;
+---------+-------+----------+------------------------------------------------------------------------------------------------------------------------------------------------------------------------------------+
; inc     ; Input ; Warning  ; Input port expression (32 bits) is wider than the input port (1 bits) it drives.  The 31 most-significant bit(s) in the expression will be dangling if they have no other fanouts. ;
; inc[-1] ; Input ; Info     ; Stuck at GND                                                                                                                                                                       ;
+---------+-------+----------+------------------------------------------------------------------------------------------------------------------------------------------------------------------------------------+


+----------------------------------------------------------------------------------------------------------------------------------------------------------------------------------------------------------------+
; Port Connectivity Checks: "register:r"                                                                                                                                                                         ;
+---------+-------+----------+-----------------------------------------------------------------------------------------------------------------------------------------------------------------------------------+
; Port    ; Type  ; Severity ; Details                                                                                                                                                                           ;
+---------+-------+----------+-----------------------------------------------------------------------------------------------------------------------------------------------------------------------------------+
; data_in ; Input ; Warning  ; Input port expression (16 bits) is wider than the input port (8 bits) it drives.  The 8 most-significant bit(s) in the expression will be dangling if they have no other fanouts. ;
+---------+-------+----------+-----------------------------------------------------------------------------------------------------------------------------------------------------------------------------------+


+----------------------------------------------------------------------------------------------------------------------------------------------------------------------------------------------------------------+
; Port Connectivity Checks: "register:ir"                                                                                                                                                                        ;
+---------+-------+----------+-----------------------------------------------------------------------------------------------------------------------------------------------------------------------------------+
; Port    ; Type  ; Severity ; Details                                                                                                                                                                           ;
+---------+-------+----------+-----------------------------------------------------------------------------------------------------------------------------------------------------------------------------------+
; data_in ; Input ; Warning  ; Input port expression (16 bits) is wider than the input port (8 bits) it drives.  The 8 most-significant bit(s) in the expression will be dangling if they have no other fanouts. ;
+---------+-------+----------+-----------------------------------------------------------------------------------------------------------------------------------------------------------------------------------+


+------------------------------------------------------------------------------------------------------------------------------------------------------------------------------------------------------------------+
; Port Connectivity Checks: "register:dr"                                                                                                                                                                          ;
+----------+--------+----------+-----------------------------------------------------------------------------------------------------------------------------------------------------------------------------------+
; Port     ; Type   ; Severity ; Details                                                                                                                                                                           ;
+----------+--------+----------+-----------------------------------------------------------------------------------------------------------------------------------------------------------------------------------+
; data_in  ; Input  ; Warning  ; Input port expression (16 bits) is wider than the input port (8 bits) it drives.  The 8 most-significant bit(s) in the expression will be dangling if they have no other fanouts. ;
; data_out ; Output ; Warning  ; Output or bidir port (8 bits) is smaller than the port expression (16 bits) it drives.  The 8 most-significant bit(s) in the port expression will be connected to GND.            ;
+----------+--------+----------+-----------------------------------------------------------------------------------------------------------------------------------------------------------------------------------+


+---------------------------------+
; Analysis & Elaboration Messages ;
+---------------------------------+
Info: *******************************************************************
Info: Running Quartus Prime Analysis & Elaboration
    Info: Version 18.1.0 Build 625 09/12/2018 SJ Lite Edition
    Info: Processing started: Mon Jun 21 20:51:12 2021
Info: Command: quartus_map --read_settings_files=on --write_settings_files=off processor_1 -c processor_1_top --analysis_and_elaboration
Warning (18236): Number of processors has not been specified which may cause overloading on shared machines.  Set the global assignment NUM_PARALLEL_PROCESSORS in your QSF to an appropriate value for best performance.
Info (20030): Parallel compilation is enabled and will use 2 of the 2 processors detected
Info (12021): Found 1 design units, including 1 entities, in source file data_mem.v
    Info (12023): Found entity 1: data_mem File: //Mac/Home/Documents/FPGA_Projects/FPGA_processor_1/data_mem.v Line: 1
Info (12021): Found 1 design units, including 1 entities, in source file instr_mem.v
    Info (12023): Found entity 1: instr_mem File: //Mac/Home/Documents/FPGA_Projects/FPGA_processor_1/instr_mem.v Line: 1
Info (12021): Found 1 design units, including 1 entities, in source file register_inc.v
    Info (12023): Found entity 1: register_inc File: //Mac/Home/Documents/FPGA_Projects/FPGA_processor_1/register_inc.v Line: 1
Info (12021): Found 1 design units, including 1 entities, in source file register.v
    Info (12023): Found entity 1: register File: //Mac/Home/Documents/FPGA_Projects/FPGA_processor_1/register.v Line: 1
Info (12021): Found 1 design units, including 1 entities, in source file bus.v
    Info (12023): Found entity 1: bus File: //Mac/Home/Documents/FPGA_Projects/FPGA_processor_1/bus.v Line: 1
Info (12021): Found 1 design units, including 1 entities, in source file alu.v
    Info (12023): Found entity 1: alu File: //Mac/Home/Documents/FPGA_Projects/FPGA_processor_1/alu.v Line: 1
Info (12021): Found 1 design units, including 1 entities, in source file control_unit.v
    Info (12023): Found entity 1: control_unit File: //Mac/Home/Documents/FPGA_Projects/FPGA_processor_1/control_unit.v Line: 1
Info (12021): Found 1 design units, including 1 entities, in source file processor.v
    Info (12023): Found entity 1: processor File: //Mac/Home/Documents/FPGA_Projects/FPGA_processor_1/processor.v Line: 1
Info (12021): Found 1 design units, including 1 entities, in source file mult_2_1.v
    Info (12023): Found entity 1: mult_2_1 File: //Mac/Home/Documents/FPGA_Projects/FPGA_processor_1/mult_2_1.v Line: 1
Warning (10222): Verilog HDL Parameter Declaration warning at instr_mem.v(16): Parameter Declaration in module "instr_mem" behaves as a Local Parameter Declaration because the module has a Module Parameter Port List File: //Mac/Home/Documents/FPGA_Projects/FPGA_processor_1/instr_mem.v Line: 16
Warning (10222): Verilog HDL Parameter Declaration warning at instr_mem.v(17): Parameter Declaration in module "instr_mem" behaves as a Local Parameter Declaration because the module has a Module Parameter Port List File: //Mac/Home/Documents/FPGA_Projects/FPGA_processor_1/instr_mem.v Line: 17
Warning (10222): Verilog HDL Parameter Declaration warning at instr_mem.v(18): Parameter Declaration in module "instr_mem" behaves as a Local Parameter Declaration because the module has a Module Parameter Port List File: //Mac/Home/Documents/FPGA_Projects/FPGA_processor_1/instr_mem.v Line: 18
Warning (10222): Verilog HDL Parameter Declaration warning at instr_mem.v(19): Parameter Declaration in module "instr_mem" behaves as a Local Parameter Declaration because the module has a Module Parameter Port List File: //Mac/Home/Documents/FPGA_Projects/FPGA_processor_1/instr_mem.v Line: 19
Warning (10222): Verilog HDL Parameter Declaration warning at instr_mem.v(20): Parameter Declaration in module "instr_mem" behaves as a Local Parameter Declaration because the module has a Module Parameter Port List File: //Mac/Home/Documents/FPGA_Projects/FPGA_processor_1/instr_mem.v Line: 20
Warning (10222): Verilog HDL Parameter Declaration warning at instr_mem.v(21): Parameter Declaration in module "instr_mem" behaves as a Local Parameter Declaration because the module has a Module Parameter Port List File: //Mac/Home/Documents/FPGA_Projects/FPGA_processor_1/instr_mem.v Line: 21
Warning (10222): Verilog HDL Parameter Declaration warning at instr_mem.v(22): Parameter Declaration in module "instr_mem" behaves as a Local Parameter Declaration because the module has a Module Parameter Port List File: //Mac/Home/Documents/FPGA_Projects/FPGA_processor_1/instr_mem.v Line: 22
Warning (10222): Verilog HDL Parameter Declaration warning at instr_mem.v(23): Parameter Declaration in module "instr_mem" behaves as a Local Parameter Declaration because the module has a Module Parameter Port List File: //Mac/Home/Documents/FPGA_Projects/FPGA_processor_1/instr_mem.v Line: 23
Warning (10222): Verilog HDL Parameter Declaration warning at instr_mem.v(24): Parameter Declaration in module "instr_mem" behaves as a Local Parameter Declaration because the module has a Module Parameter Port List File: //Mac/Home/Documents/FPGA_Projects/FPGA_processor_1/instr_mem.v Line: 24
Warning (10222): Verilog HDL Parameter Declaration warning at instr_mem.v(25): Parameter Declaration in module "instr_mem" behaves as a Local Parameter Declaration because the module has a Module Parameter Port List File: //Mac/Home/Documents/FPGA_Projects/FPGA_processor_1/instr_mem.v Line: 25
Warning (10222): Verilog HDL Parameter Declaration warning at instr_mem.v(26): Parameter Declaration in module "instr_mem" behaves as a Local Parameter Declaration because the module has a Module Parameter Port List File: //Mac/Home/Documents/FPGA_Projects/FPGA_processor_1/instr_mem.v Line: 26
Warning (10222): Verilog HDL Parameter Declaration warning at instr_mem.v(27): Parameter Declaration in module "instr_mem" behaves as a Local Parameter Declaration because the module has a Module Parameter Port List File: //Mac/Home/Documents/FPGA_Projects/FPGA_processor_1/instr_mem.v Line: 27
Warning (10222): Verilog HDL Parameter Declaration warning at instr_mem.v(28): Parameter Declaration in module "instr_mem" behaves as a Local Parameter Declaration because the module has a Module Parameter Port List File: //Mac/Home/Documents/FPGA_Projects/FPGA_processor_1/instr_mem.v Line: 28
Warning (10222): Verilog HDL Parameter Declaration warning at instr_mem.v(29): Parameter Declaration in module "instr_mem" behaves as a Local Parameter Declaration because the module has a Module Parameter Port List File: //Mac/Home/Documents/FPGA_Projects/FPGA_processor_1/instr_mem.v Line: 29
Warning (10222): Verilog HDL Parameter Declaration warning at instr_mem.v(30): Parameter Declaration in module "instr_mem" behaves as a Local Parameter Declaration because the module has a Module Parameter Port List File: //Mac/Home/Documents/FPGA_Projects/FPGA_processor_1/instr_mem.v Line: 30
Warning (10222): Verilog HDL Parameter Declaration warning at instr_mem.v(31): Parameter Declaration in module "instr_mem" behaves as a Local Parameter Declaration because the module has a Module Parameter Port List File: //Mac/Home/Documents/FPGA_Projects/FPGA_processor_1/instr_mem.v Line: 31
Warning (10222): Verilog HDL Parameter Declaration warning at instr_mem.v(32): Parameter Declaration in module "instr_mem" behaves as a Local Parameter Declaration because the module has a Module Parameter Port List File: //Mac/Home/Documents/FPGA_Projects/FPGA_processor_1/instr_mem.v Line: 32
Warning (10222): Verilog HDL Parameter Declaration warning at instr_mem.v(33): Parameter Declaration in module "instr_mem" behaves as a Local Parameter Declaration because the module has a Module Parameter Port List File: //Mac/Home/Documents/FPGA_Projects/FPGA_processor_1/instr_mem.v Line: 33
Warning (10222): Verilog HDL Parameter Declaration warning at instr_mem.v(34): Parameter Declaration in module "instr_mem" behaves as a Local Parameter Declaration because the module has a Module Parameter Port List File: //Mac/Home/Documents/FPGA_Projects/FPGA_processor_1/instr_mem.v Line: 34
Warning (10222): Verilog HDL Parameter Declaration warning at instr_mem.v(35): Parameter Declaration in module "instr_mem" behaves as a Local Parameter Declaration because the module has a Module Parameter Port List File: //Mac/Home/Documents/FPGA_Projects/FPGA_processor_1/instr_mem.v Line: 35
Warning (10222): Verilog HDL Parameter Declaration warning at instr_mem.v(36): Parameter Declaration in module "instr_mem" behaves as a Local Parameter Declaration because the module has a Module Parameter Port List File: //Mac/Home/Documents/FPGA_Projects/FPGA_processor_1/instr_mem.v Line: 36
Warning (10222): Verilog HDL Parameter Declaration warning at instr_mem.v(37): Parameter Declaration in module "instr_mem" behaves as a Local Parameter Declaration because the module has a Module Parameter Port List File: //Mac/Home/Documents/FPGA_Projects/FPGA_processor_1/instr_mem.v Line: 37
Warning (10222): Verilog HDL Parameter Declaration warning at instr_mem.v(38): Parameter Declaration in module "instr_mem" behaves as a Local Parameter Declaration because the module has a Module Parameter Port List File: //Mac/Home/Documents/FPGA_Projects/FPGA_processor_1/instr_mem.v Line: 38
Warning (10222): Verilog HDL Parameter Declaration warning at instr_mem.v(39): Parameter Declaration in module "instr_mem" behaves as a Local Parameter Declaration because the module has a Module Parameter Port List File: //Mac/Home/Documents/FPGA_Projects/FPGA_processor_1/instr_mem.v Line: 39
Info (12127): Elaborating entity "processor" for the top level hierarchy
Info (12128): Elaborating entity "register" for hierarchy "register:ar" File: //Mac/Home/Documents/FPGA_Projects/FPGA_processor_1/processor.v Line: 36
Info (12128): Elaborating entity "register_inc" for hierarchy "register_inc:pc" File: //Mac/Home/Documents/FPGA_Projects/FPGA_processor_1/processor.v Line: 46
Info (12128): Elaborating entity "register" for hierarchy "register:dr" File: //Mac/Home/Documents/FPGA_Projects/FPGA_processor_1/processor.v Line: 53
Info (12128): Elaborating entity "alu" for hierarchy "alu:alu1" File: //Mac/Home/Documents/FPGA_Projects/FPGA_processor_1/processor.v Line: 95
Info (12128): Elaborating entity "bus" for hierarchy "bus:bus" File: //Mac/Home/Documents/FPGA_Projects/FPGA_processor_1/processor.v Line: 108
Info (12128): Elaborating entity "control_unit" for hierarchy "control_unit:cu" File: //Mac/Home/Documents/FPGA_Projects/FPGA_processor_1/processor.v Line: 121
Warning (10230): Verilog HDL assignment warning at control_unit.v(12): truncated value with size 3 to match size of target (1) File: //Mac/Home/Documents/FPGA_Projects/FPGA_processor_1/control_unit.v Line: 12
Warning (10230): Verilog HDL assignment warning at control_unit.v(13): truncated value with size 3 to match size of target (1) File: //Mac/Home/Documents/FPGA_Projects/FPGA_processor_1/control_unit.v Line: 13
Warning (10230): Verilog HDL assignment warning at control_unit.v(51): truncated value with size 3 to match size of target (1) File: //Mac/Home/Documents/FPGA_Projects/FPGA_processor_1/control_unit.v Line: 51
Warning (10230): Verilog HDL assignment warning at control_unit.v(63): truncated value with size 3 to match size of target (1) File: //Mac/Home/Documents/FPGA_Projects/FPGA_processor_1/control_unit.v Line: 63
Warning (10199): Verilog HDL Case Statement warning at control_unit.v(67): case item expression never matches the case expression File: //Mac/Home/Documents/FPGA_Projects/FPGA_processor_1/control_unit.v Line: 67
Warning (10199): Verilog HDL Case Statement warning at control_unit.v(79): case item expression never matches the case expression File: //Mac/Home/Documents/FPGA_Projects/FPGA_processor_1/control_unit.v Line: 79
Warning (10199): Verilog HDL Case Statement warning at control_unit.v(489): case item expression never matches the case expression File: //Mac/Home/Documents/FPGA_Projects/FPGA_processor_1/control_unit.v Line: 489
Warning (10199): Verilog HDL Case Statement warning at control_unit.v(602): case item expression never matches the case expression File: //Mac/Home/Documents/FPGA_Projects/FPGA_processor_1/control_unit.v Line: 602
Warning (10199): Verilog HDL Case Statement warning at control_unit.v(639): case item expression never matches the case expression File: //Mac/Home/Documents/FPGA_Projects/FPGA_processor_1/control_unit.v Line: 639
Warning (10199): Verilog HDL Case Statement warning at control_unit.v(663): case item expression never matches the case expression File: //Mac/Home/Documents/FPGA_Projects/FPGA_processor_1/control_unit.v Line: 663
Warning (10230): Verilog HDL assignment warning at control_unit.v(676): truncated value with size 3 to match size of target (1) File: //Mac/Home/Documents/FPGA_Projects/FPGA_processor_1/control_unit.v Line: 676
Warning (10034): Output port "alu_mode" at control_unit.v(6) has no driver File: //Mac/Home/Documents/FPGA_Projects/FPGA_processor_1/control_unit.v Line: 6
Info (12128): Elaborating entity "mult_2_1" for hierarchy "mult_2_1:mult1" File: //Mac/Home/Documents/FPGA_Projects/FPGA_processor_1/processor.v Line: 129
Warning (12011): Net is missing source, defaulting to GND
    Warning (12110): Net "dr_out[15]" is missing source, defaulting to GND File: //Mac/Home/Documents/FPGA_Projects/FPGA_processor_1/processor.v Line: 23
    Warning (12110): Net "dr_out[14]" is missing source, defaulting to GND File: //Mac/Home/Documents/FPGA_Projects/FPGA_processor_1/processor.v Line: 23
    Warning (12110): Net "dr_out[13]" is missing source, defaulting to GND File: //Mac/Home/Documents/FPGA_Projects/FPGA_processor_1/processor.v Line: 23
    Warning (12110): Net "dr_out[12]" is missing source, defaulting to GND File: //Mac/Home/Documents/FPGA_Projects/FPGA_processor_1/processor.v Line: 23
    Warning (12110): Net "dr_out[11]" is missing source, defaulting to GND File: //Mac/Home/Documents/FPGA_Projects/FPGA_processor_1/processor.v Line: 23
    Warning (12110): Net "dr_out[10]" is missing source, defaulting to GND File: //Mac/Home/Documents/FPGA_Projects/FPGA_processor_1/processor.v Line: 23
    Warning (12110): Net "dr_out[9]" is missing source, defaulting to GND File: //Mac/Home/Documents/FPGA_Projects/FPGA_processor_1/processor.v Line: 23
    Warning (12110): Net "dr_out[8]" is missing source, defaulting to GND File: //Mac/Home/Documents/FPGA_Projects/FPGA_processor_1/processor.v Line: 23
Warning (12011): Net is missing source, defaulting to GND
    Warning (12110): Net "dr_out[15]" is missing source, defaulting to GND File: //Mac/Home/Documents/FPGA_Projects/FPGA_processor_1/processor.v Line: 23
    Warning (12110): Net "dr_out[14]" is missing source, defaulting to GND File: //Mac/Home/Documents/FPGA_Projects/FPGA_processor_1/processor.v Line: 23
    Warning (12110): Net "dr_out[13]" is missing source, defaulting to GND File: //Mac/Home/Documents/FPGA_Projects/FPGA_processor_1/processor.v Line: 23
    Warning (12110): Net "dr_out[12]" is missing source, defaulting to GND File: //Mac/Home/Documents/FPGA_Projects/FPGA_processor_1/processor.v Line: 23
    Warning (12110): Net "dr_out[11]" is missing source, defaulting to GND File: //Mac/Home/Documents/FPGA_Projects/FPGA_processor_1/processor.v Line: 23
    Warning (12110): Net "dr_out[10]" is missing source, defaulting to GND File: //Mac/Home/Documents/FPGA_Projects/FPGA_processor_1/processor.v Line: 23
    Warning (12110): Net "dr_out[9]" is missing source, defaulting to GND File: //Mac/Home/Documents/FPGA_Projects/FPGA_processor_1/processor.v Line: 23
    Warning (12110): Net "dr_out[8]" is missing source, defaulting to GND File: //Mac/Home/Documents/FPGA_Projects/FPGA_processor_1/processor.v Line: 23
Warning (12011): Net is missing source, defaulting to GND
    Warning (12110): Net "dr_out[15]" is missing source, defaulting to GND File: //Mac/Home/Documents/FPGA_Projects/FPGA_processor_1/processor.v Line: 23
    Warning (12110): Net "dr_out[14]" is missing source, defaulting to GND File: //Mac/Home/Documents/FPGA_Projects/FPGA_processor_1/processor.v Line: 23
    Warning (12110): Net "dr_out[13]" is missing source, defaulting to GND File: //Mac/Home/Documents/FPGA_Projects/FPGA_processor_1/processor.v Line: 23
    Warning (12110): Net "dr_out[12]" is missing source, defaulting to GND File: //Mac/Home/Documents/FPGA_Projects/FPGA_processor_1/processor.v Line: 23
    Warning (12110): Net "dr_out[11]" is missing source, defaulting to GND File: //Mac/Home/Documents/FPGA_Projects/FPGA_processor_1/processor.v Line: 23
    Warning (12110): Net "dr_out[10]" is missing source, defaulting to GND File: //Mac/Home/Documents/FPGA_Projects/FPGA_processor_1/processor.v Line: 23
    Warning (12110): Net "dr_out[9]" is missing source, defaulting to GND File: //Mac/Home/Documents/FPGA_Projects/FPGA_processor_1/processor.v Line: 23
    Warning (12110): Net "dr_out[8]" is missing source, defaulting to GND File: //Mac/Home/Documents/FPGA_Projects/FPGA_processor_1/processor.v Line: 23
Warning (12241): 7 hierarchies have connectivity warnings - see the Connectivity Checks report folder
Info: Quartus Prime Analysis & Elaboration was successful. 0 errors, 66 warnings
    Info: Peak virtual memory: 4733 megabytes
    Info: Processing ended: Mon Jun 21 20:51:34 2021
    Info: Elapsed time: 00:00:22
    Info: Total CPU time (on all processors): 00:00:32


